// Jest Snapshot v1, https://goo.gl/fbAQLP

exports[`Rate renders correctly 1`] = `
<div>
  <div>
    <span
      style="cursor: pointer; color: gray; font-size: 24px; transition: color 0.3s;"
    >
      <svg
        fill="currentColor"
        height="1em"
        viewBox="0 0 24 24"
        width="1em"
        xmlns="http://www.w3.org/2000/svg"
      >
        <path
          d="M12 17.27l-6.18 3.76 1.64-7.16L2.56 9.74l7.22-.62L12 2l2.22 7.12 7.22.62-5.9 4.13 1.64 7.16z"
        />
      </svg>
    </span>
    <span
      style="cursor: pointer; color: gray; font-size: 24px; transition: color 0.3s;"
    >
      <svg
        fill="currentColor"
        height="1em"
        viewBox="0 0 24 24"
        width="1em"
        xmlns="http://www.w3.org/2000/svg"
      >
        <path
          d="M12 17.27l-6.18 3.76 1.64-7.16L2.56 9.74l7.22-.62L12 2l2.22 7.12 7.22.62-5.9 4.13 1.64 7.16z"
        />
      </svg>
    </span>
    <span
      style="cursor: pointer; color: gray; font-size: 24px; transition: color 0.3s;"
    >
      <svg
        fill="currentColor"
        height="1em"
        viewBox="0 0 24 24"
        width="1em"
        xmlns="http://www.w3.org/2000/svg"
      >
        <path
          d="M12 17.27l-6.18 3.76 1.64-7.16L2.56 9.74l7.22-.62L12 2l2.22 7.12 7.22.62-5.9 4.13 1.64 7.16z"
        />
      </svg>
    </span>
    <span
      style="cursor: pointer; color: gray; font-size: 24px; transition: color 0.3s;"
    >
      <svg
        fill="currentColor"
        height="1em"
        viewBox="0 0 24 24"
        width="1em"
        xmlns="http://www.w3.org/2000/svg"
      >
        <path
          d="M12 17.27l-6.18 3.76 1.64-7.16L2.56 9.74l7.22-.62L12 2l2.22 7.12 7.22.62-5.9 4.13 1.64 7.16z"
        />
      </svg>
    </span>
    <span
      style="cursor: pointer; color: gray; font-size: 24px; transition: color 0.3s;"
    >
      <svg
        fill="currentColor"
        height="1em"
        viewBox="0 0 24 24"
        width="1em"
        xmlns="http://www.w3.org/2000/svg"
      >
        <path
          d="M12 17.27l-6.18 3.76 1.64-7.16L2.56 9.74l7.22-.62L12 2l2.22 7.12 7.22.62-5.9 4.13 1.64 7.16z"
        />
      </svg>
    </span>
  </div>
</div>
`;
